// Jest Snapshot v1, https://goo.gl/fbAQLP

exports[`MapCompare Component renders correct properties 1`] = `
<MapCompare
  width={1024}
/>
`;
