// Jest Snapshot v1, https://goo.gl/fbAQLP

exports[`Footer component renders correct properties  1`] = `
<Footer
  width={1000}
/>
`;
